// Jest Snapshot v1, https://goo.gl/fbAQLP

exports[`Sidebar component it matches the snapshot 1`] = `
<div
  className="sidebar sidebar-hidden"
>
  <div
    className="sidebar-inset"
  >
    <a
      className="sidebar-item"
      href="/news"
      onClick={[Function]}
    >
      News
    </a>
    <a
      className="sidebar-item"
      href="/regions"
      onClick={[Function]}
    >
      Regions
    </a>
    <a
      className="sidebar-item"
      href="/video"
      onClick={[Function]}
    >
      Video
    </a>
    <a
      className="sidebar-item"
      href="/tv"
      onClick={[Function]}
    >
      TV
    </a>
    <span
      className="sidebar-footer-item"
    >
      Copyright Â© yarphen
    </span>
  </div>
</div>
`;
